// Jest Snapshot v1, https://goo.gl/fbAQLP

exports[`App Component it matches the snapshot 1`] = `
<div
  className="row"
  style={
    Object {
      "display": "flex",
      "height": "100vh",
    }
  }
>
  <div
    className="spinner valign-wrapper"
  >
    <div
      className="rect1"
    />
    <div
      className="rect2"
    />
    <div
      className="rect3"
    />
    <div
      className="rect4"
    />
    <div
      className="rect5"
    />
  </div>
  <div
    className="col m9 center"
  >
    <div>
      <h2>
        Welcome to MyPatients App
      </h2>
      <br />
      <h3>
        Select a Patient on the menu at the left
      </h3>
    </div>
  </div>
</div>
`;

exports[`App Component matches the snapshot 1`] = `
<div
  className="row"
  style={
    Object {
      "display": "flex",
      "height": "100vh",
    }
  }
>
  <div
    className="spinner valign-wrapper"
  >
    <div
      className="rect1"
    />
    <div
      className="rect2"
    />
    <div
      className="rect3"
    />
    <div
      className="rect4"
    />
    <div
      className="rect5"
    />
  </div>
  <div
    className="col m9 center"
  >
    <div>
      <h2>
        Welcome to MyPatients App
      </h2>
      <br />
      <h3>
        Select a Patient on the menu at the left
      </h3>
    </div>
  </div>
</div>
`;

exports[`Basic Flow matches the snapshot 1`] = `
<div
  className="row"
  style={
    Object {
      "display": "flex",
      "height": "100vh",
    }
  }
>
  <div
    className="spinner valign-wrapper"
  >
    <div
      className="rect1"
    />
    <div
      className="rect2"
    />
    <div
      className="rect3"
    />
    <div
      className="rect4"
    />
    <div
      className="rect5"
    />
  </div>
  <div
    className="col m9 center"
  >
    <div>
      <h2>
        Welcome to MyPatients App
      </h2>
      <br />
      <h3>
        Select a Patient on the menu at the left
      </h3>
    </div>
  </div>
</div>
`;
